 Image backend-backend Building 
#1 [internal] load local bake definitions
#1 reading from stdin 559B 1.2s done
#1 DONE 1.2s

#2 [internal] load build definition from Dockerfile
#2 transferring dockerfile:
#2 transferring dockerfile: 639B 0.1s done
#2 DONE 0.7s

#3 resolve image config for docker-image://docker.io/docker/dockerfile:1
#3 ...

#4 [auth] docker/dockerfile:pull token for registry-1.docker.io
#4 DONE 0.0s

#3 resolve image config for docker-image://docker.io/docker/dockerfile:1
#3 ERROR: failed to authorize: DeadlineExceeded: context deadline exceeded
------
 > resolve image config for docker-image://docker.io/docker/dockerfile:1:
------
Dockerfile:1

--------------------

   1 | >>> # syntax=docker/dockerfile:1

   2 |     FROM golang:1.24-alpine AS build

   3 |     WORKDIR /src

--------------------

failed to solve: DeadlineExceeded: context deadline exceeded

99  /usr/local/bin/dockerd --config-file /run/config/docker/daemon.json

github.com/moby/buildkit/client/llb/sourceresolver.(*imageMetaResolver).ResolveImageConfig

	/root/build-deb/engine/vendor/github.com/moby/buildkit/client/llb/sourceresolver/imageresolver.go:51

github.com/moby/buildkit/frontend/gateway.(*gatewayFrontend).Solve

	/root/build-deb/engine/vendor/github.com/moby/buildkit/frontend/gateway/gateway.go:163

github.com/moby/buildkit/solver/llbsolver.(*provenanceBridge).Solve

	/root/build-deb/engine/vendor/github.com/moby/buildkit/solver/llbsolver/provenance.go:203

github.com/moby/buildkit/frontend/gateway/forwarder.(*BridgeClient).Solve

	/root/build-deb/engine/vendor/github.com/moby/buildkit/frontend/gateway/forwarder/forward.go:66

github.com/moby/buildkit/frontend/dockerfile/builder.forwardGateway

	/root/build-deb/engine/vendor/github.com/moby/buildkit/frontend/dockerfile/builder/build.go:253

github.com/moby/buildkit/frontend/dockerfile/builder.Build

	/root/build-deb/engine/vendor/github.com/moby/buildkit/frontend/dockerfile/builder/build.go:63

github.com/moby/buildkit/frontend/gateway/forwarder.(*GatewayForwarder).Solve

	/root/build-deb/engine/vendor/github.com/moby/buildkit/frontend/gateway/forwarder/frontend.go:36

github.com/moby/buildkit/solver/llbsolver.(*provenanceBridge).Solve

	/root/build-deb/engine/vendor/github.com/moby/buildkit/solver/llbsolver/provenance.go:203

github.com/moby/buildkit/frontend/gateway.(*llbBridgeForwarder).Solve

	/root/build-deb/engine/vendor/github.com/moby/buildkit/frontend/gateway/gateway.go:744

github.com/moby/buildkit/control/gateway.(*GatewayForwarder).Solve

	/root/build-deb/engine/vendor/github.com/moby/buildkit/control/gateway/gateway.go:77

github.com/moby/buildkit/frontend/gateway/pb._LLBBridge_Solve_Handler.func1

	/root/build-deb/engine/vendor/github.com/moby/buildkit/frontend/gateway/pb/gateway_grpc.pb.go:415

google.golang.org/grpc.getChainUnaryHandler.func1

	/root/build-deb/engine/vendor/google.golang.org/grpc/server.go:1256

github.com/moby/moby/v2/daemon/server/router/grpc.unaryInterceptor

	/root/build-deb/engine/daemon/server/router/grpc/grpc.go:77

google.golang.org/grpc.NewServer.chainUnaryServerInterceptors.chainUnaryInterceptors.func1

	/root/build-deb/engine/vendor/google.golang.org/grpc/server.go:1247

github.com/moby/buildkit/frontend/gateway/pb._LLBBridge_Solve_Handler

	/root/build-deb/engine/vendor/github.com/moby/buildkit/frontend/gateway/pb/gateway_grpc.pb.go:417

google.golang.org/grpc.(*Server).processUnaryRPC

	/root/build-deb/engine/vendor/google.golang.org/grpc/server.go:1443

google.golang.org/grpc.(*Server).handleStream

	/root/build-deb/engine/vendor/google.golang.org/grpc/server.go:1858

google.golang.org/grpc.(*Server).serveStreams.func2.1

	/root/build-deb/engine/vendor/google.golang.org/grpc/server.go:1078

runtime.goexit

	/usr/local/go/src/runtime/asm_amd64.s:1771



99  /usr/local/bin/dockerd --config-file /run/config/docker/daemon.json

google.golang.org/grpc.(*ClientConn).Invoke

	/root/build-deb/engine/vendor/google.golang.org/grpc/call.go:35

github.com/moby/buildkit/session/auth.(*authClient).FetchToken

	/root/build-deb/engine/vendor/github.com/moby/buildkit/session/auth/auth_grpc.pb.go:59

github.com/moby/buildkit/session/auth.FetchToken.func1

	/root/build-deb/engine/vendor/github.com/moby/buildkit/session/auth/auth.go:66

github.com/moby/buildkit/session.(*Manager).Any

	/root/build-deb/engine/vendor/github.com/moby/buildkit/session/group.go:87

github.com/moby/buildkit/session/auth.FetchToken

	/root/build-deb/engine/vendor/github.com/moby/buildkit/session/auth/auth.go:63

github.com/moby/buildkit/util/resolver.(*authFetcher).fetchToken

	/root/build-deb/engine/vendor/github.com/moby/buildkit/util/resolver/authorizer.go:352

github.com/moby/buildkit/util/resolver.(*authFetcher).doBearerAuth.func1

	/root/build-deb/engine/vendor/github.com/moby/buildkit/util/resolver/authorizer.go:318

github.com/moby/buildkit/util/flightcontrol.(*call[...]).run

	/root/build-deb/engine/vendor/github.com/moby/buildkit/util/flightcontrol/flightcontrol.go:122

sync.(*Once).doSlow

	/usr/local/go/src/sync/once.go:78

sync.(*Once).Do

	/usr/local/go/src/sync/once.go:69

runtime.goexit

	/usr/local/go/src/runtime/asm_amd64.s:1771



7624 v0.37.0 C:\Program Files\Docker\cli-plugins\docker-buildx.exe bake --file - --progress rawjson --metadata-file C:\Users\Kamol\AppData\Local\Temp\compose-build-metadataFile-f362e80e-332b-488c-8b36-04cf470c43b0.json --allow fs.read=c:\Users\Kamol\Desktop\kamol-portfolio\backend

google.golang.org/grpc.(*ClientConn).Invoke

	google.golang.org/grpc@v1.83.2/call.go:35

github.com/moby/buildkit/frontend/gateway/pb.(*lLBBridgeClient).Solve

	github.com/moby/buildkit@v0.33.0/frontend/gateway/pb/gateway_grpc.pb.go:105

github.com/moby/buildkit/client.(*gatewayClientForBuild).Solve

	github.com/moby/buildkit@v0.33.0/client/build.go:98

github.com/moby/buildkit/frontend/gateway/grpcclient.(*grpcClient).Solve

	github.com/moby/buildkit@v0.33.0/frontend/gateway/grpcclient/client.go:416

github.com/docker/buildx/build.solve

	github.com/docker/buildx/build/build.go:1388

github.com/docker/buildx/build.BuildWithResultHandler.func2.4.2

	github.com/docker/buildx/build/build.go:690

github.com/moby/buildkit/frontend/gateway/grpcclient.(*grpcClient).Run

	github.com/moby/buildkit@v0.33.0/frontend/gateway/grpcclient/client.go:219

github.com/moby/buildkit/client.(*Client).Build.func2

	github.com/moby/buildkit@v0.33.0/client/build.go:59

github.com/moby/buildkit/client.(*Client).solve.func3

	github.com/moby/buildkit@v0.33.0/client/solve.go:349

golang.org/x/sync/errgroup.(*Group).Go.func1

	golang.org/x/sync@v0.22.0/errgroup/errgroup.go:93

runtime.goexit

	runtime/asm_amd64.s:1771



99  /usr/local/bin/dockerd --config-file /run/config/docker/daemon.json

github.com/moby/buildkit/frontend/gateway.(*llbBridgeForwarder).Return

	/root/build-deb/engine/vendor/github.com/moby/buildkit/frontend/gateway/gateway.go:1033

github.com/moby/buildkit/control/gateway.(*GatewayForwarder).Return

	/root/build-deb/engine/vendor/github.com/moby/buildkit/control/gateway/gateway.go:109

github.com/moby/buildkit/frontend/gateway/pb._LLBBridge_Return_Handler.func1

	/root/build-deb/engine/vendor/github.com/moby/buildkit/frontend/gateway/pb/gateway_grpc.pb.go:523

google.golang.org/grpc.getChainUnaryHandler.func1

	/root/build-deb/engine/vendor/google.golang.org/grpc/server.go:1256

github.com/moby/moby/v2/daemon/server/router/grpc.unaryInterceptor

	/root/build-deb/engine/daemon/server/router/grpc/grpc.go:77

google.golang.org/grpc.NewServer.chainUnaryServerInterceptors.chainUnaryInterceptors.func1

	/root/build-deb/engine/vendor/google.golang.org/grpc/server.go:1247

github.com/moby/buildkit/frontend/gateway/pb._LLBBridge_Return_Handler

	/root/build-deb/engine/vendor/github.com/moby/buildkit/frontend/gateway/pb/gateway_grpc.pb.go:525

google.golang.org/grpc.(*Server).processUnaryRPC

	/root/build-deb/engine/vendor/google.golang.org/grpc/server.go:1443



7624 v0.37.0 C:\Program Files\Docker\cli-plugins\docker-buildx.exe bake --file - --progress rawjson --metadata-file C:\Users\Kamol\AppData\Local\Temp\compose-build-metadataFile-f362e80e-332b-488c-8b36-04cf470c43b0.json --allow fs.read=c:\Users\Kamol\Desktop\kamol-portfolio\backend

google.golang.org/grpc.(*ClientConn).Invoke

	google.golang.org/grpc@v1.83.2/call.go:35

github.com/moby/buildkit/api/services/control.(*controlClient).Solve

	github.com/moby/buildkit@v0.33.0/api/services/control/control_grpc.pb.go:88

github.com/moby/buildkit/client.(*Client).solve.func2

	github.com/moby/buildkit@v0.33.0/client/solve.go:337

golang.org/x/sync/errgroup.(*Group).Go.func1

	golang.org/x/sync@v0.22.0/errgroup/errgroup.go:93



7624 v0.37.0 C:\Program Files\Docker\cli-plugins\docker-buildx.exe bake --file - --progress rawjson --metadata-file C:\Users\Kamol\AppData\Local\Temp\compose-build-metadataFile-f362e80e-332b-488c-8b36-04cf470c43b0.json --allow fs.read=c:\Users\Kamol\Desktop\kamol-portfolio\backend

github.com/moby/buildkit/client.(*Client).solve.func2

	github.com/moby/buildkit@v0.33.0/client/solve.go:339

golang.org/x/sync/errgroup.(*Group).Go.func1

	golang.org/x/sync@v0.22.0/errgroup/errgroup.go:93



DONE_EXIT_1 
